
> ecoyaan-checkout@0.1.0 build
> rm -rf .next && prisma generate && next build

Environment variables loaded from .env
Prisma schema loaded from prisma\schema.prisma
npm : Error: 
At line:1 char:1
+ npm run build > 
build_output.txt 2>&1
+ ~~~~~~~~~~~~~~~~~~~~~
~~~~~~~~~~~~~~~~
    + CategoryInfo     
         : NotSpecifi  
  ed: (Error: :Strin   
 g) [], RemoteExcep    
tion
    + FullyQualifiedEr 
   rorId : NativeComm  
  andError
 
EPERM: operation not 
permitted, unlink 'D:\E
coyan\ecoyaan-checkout\
node_modules\.prisma\cl
ient\query_engine-windo
ws.dll.node'


